{
  "resource": {
    "marathon_app": {
      "multi-app": {
        "app_id": "/multi-app/multi-app-${count.index + 1}",
        "cmd": "/mnt/mesos/sandbox/entrypoint.${count.index + 1}.sh python3 -m http.server 8080",
        "container": [
          {
            "docker": [
              {
                "image": "python:3",
                "network": "BRIDGE",
                "port_mappings": {
                  "port_mapping": [
                    {
                      "container_port": 56789,
                      "host_port": 0,
                      "protocol": "tcp"
                    }
                  ]
                }
              }
            ]
          }
        ],
        "count": 3,
        "cpus": 1.2,
        "env": {
          "KODING_KLIENT_URL": "$KLIENT_URL",
          "KODING_METADATA_1": "...",
          "KODING_METADATA_2": "...",
          "KODING_METADATA_3": "..."
        },
        "fetch": [
          {
            "executable": false,
            "cache": false,
            "uri": "$SCREEN_URL"
          },
          {
            "executable": false,
            "cache": false,
            "uri": "$KLIENT_URL"
          },
          {
            "executable": true,
            "cache": false,
            "uri": "$ENTRYPOINT_URL/entrypoint.1.sh"
          },
          {
            "executable": true,
            "cache": false,
            "uri": "$ENTRYPOINT_URL/entrypoint.2.sh"
          },
          {
            "executable": true,
            "cache": false,
            "uri": "$ENTRYPOINT_URL/entrypoint.3.sh"
          }
        ],
        "health_checks": {
          "health_check": [
            {
              "command": {
                "value": "curl -f -X GET http://$$HOST:$${PORT_56789}/kite"
              },
              "max_consecutive_failures": 3,
              "protocol": "COMMAND"
            }
          ]
        },
        "mem": 256,
        "ports": [
          0,
          0,
          0
        ]
      }
    }
  }
}
